Logging to: /workspace/ikge/ikge/logs/train_20260302_003254_frac30_new.log
================================================================================
Initializing IKGE DBPedia50k+ Pipeline
================================================================================
Using device: cuda
Using 30% of training data  →  9,716 triples
In-KG entities: 11,622  |  In-KG relations: 218
Entities: 19850 | Relations: 360 | Types: 220
================================================================================
🚀 SETTING UP GLOVE EMBEDDINGS FOR IKGE
================================================================================
✅ GloVe embeddings already exist: /workspace/ikge/ikge/embeddings/glove.6B.300d.txt
   Size: 989.9 MB

📚 Building vocabulary from 55959 descriptions...
✅ Vocabulary built:
   Total unique words: 296,581
   Words with freq >= 1: 296,581
   Final vocabulary size: 296,583

📖 Loading GloVe embeddings from: /workspace/ikge/ikge/embeddings/glove.6B.300d.txt
✅ Loaded 86,965 word embeddings

📊 Embedding Matrix Statistics:
   Vocabulary size: 296,583
   Words found in GloVe: 86,965 (29.3%)
   Words using Kaiming uniform init: 209,618

================================================================================
✅ GLOVE SETUP COMPLETE!
================================================================================

📦 Ready to use:
   - embedding_matrix: shape torch.Size([296583, 300])
   - word2idx: 296,583 words
   - GloVe coverage: 29.3%

Building Line Graph...
📊 Line Graph Info:
   Number of facts (nodes): 9,716

🔨 Building line graph...
   Step 1: Indexing facts by entities...
      Found 11,622 unique entities
      Avg facts per entity: 1.7
   Step 2: Finding adjacent facts...
   Step 3: Creating edge tensor...

✅ Line graph constructed!
   Nodes (facts): 9,716
   Edges (adjacent fact pairs): 151,321
   Avg degree: 15.6
   Density: 0.001603

Pre-tokenizing entities and relations...
Pre-tokenization complete.
torch.compile not available (module 'torch._functorch' has no attribute 'config'); continuing without it.

Starting Training Loop...
Epoch    1/200 | Loss: 0.7739
Epoch    2/200 | Loss: 0.6940
Epoch    3/200 | Loss: 0.6944
Epoch    4/200 | Loss: 0.6948
Epoch    5/200 | Loss: 0.6942
Epoch    6/200 | Loss: 0.6943
Epoch    7/200 | Loss: 0.6943
Epoch    8/200 | Loss: 0.6944
Epoch    9/200 | Loss: 0.6939
Epoch   10/200 | Loss: 0.6941
Epoch   11/200 | Loss: 0.6946
Epoch   12/200 | Loss: 0.6949
Epoch   13/200 | Loss: 0.6946
Epoch   14/200 | Loss: 0.6946
Epoch   15/200 | Loss: 0.6943
Epoch   16/200 | Loss: 0.6940
Epoch   17/200 | Loss: 0.6947
Epoch   18/200 | Loss: 0.6939
Epoch   19/200 | Loss: 0.6943
Epoch   20/200 | Loss: 0.6942
Epoch   21/200 | Loss: 0.6942
Epoch   22/200 | Loss: 0.6943
Epoch   23/200 | Loss: 0.6941
Epoch   24/200 | Loss: 0.6945
Epoch   25/200 | Loss: 0.6942
Epoch   26/200 | Loss: 0.6944
Epoch   27/200 | Loss: 0.6942
Epoch   28/200 | Loss: 0.6944
Epoch   29/200 | Loss: 0.6946
Epoch   30/200 | Loss: 0.6942
Epoch   31/200 | Loss: 0.6940
Epoch   32/200 | Loss: 0.6948
Epoch   33/200 | Loss: 0.6943
Epoch   34/200 | Loss: 0.6944
Epoch   35/200 | Loss: 0.6945
Epoch   36/200 | Loss: 0.6941
Epoch   37/200 | Loss: 0.6943
Epoch   38/200 | Loss: 0.6944
Epoch   39/200 | Loss: 0.6944
Epoch   40/200 | Loss: 0.6945
Epoch   41/200 | Loss: 0.6944
Epoch   42/200 | Loss: 0.6942
Epoch   43/200 | Loss: 0.6944
Epoch   44/200 | Loss: 0.6942
Epoch   45/200 | Loss: 0.6942
Epoch   46/200 | Loss: 0.6944
Epoch   47/200 | Loss: 0.6946
Epoch   48/200 | Loss: 0.6947
Epoch   49/200 | Loss: 0.6943

[Epoch 50/200] Running validation...
Running Evaluation Step...
--- Validation: filtered ranking on 399 triples (head+tail) ---
  Val MRR (filtered): 0.9060  | tail 0.8316  head 0.9803
  Hits@1: 0.9023
  Hits@3: 0.9048
  Hits@10: 0.9110
  Saved best weights! MRR: 0.9060
Epoch   50/200 | Loss: 0.6942 | Val MRR: 0.9060 | LR: 8.54e-03
Epoch   51/200 | Loss: 0.6947
Epoch   52/200 | Loss: 0.6942
Epoch   53/200 | Loss: 0.6946
Epoch   54/200 | Loss: 0.6940
Epoch   55/200 | Loss: 0.6944
Epoch   56/200 | Loss: 0.6948
Epoch   57/200 | Loss: 0.6942
Epoch   58/200 | Loss: 0.6945
Epoch   59/200 | Loss: 0.6946
Epoch   60/200 | Loss: 0.6944
Epoch   61/200 | Loss: 0.6939
Epoch   62/200 | Loss: 0.6947
Epoch   63/200 | Loss: 0.6944
Epoch   64/200 | Loss: 0.6942
Epoch   65/200 | Loss: 0.6944
Epoch   66/200 | Loss: 0.6948
Epoch   67/200 | Loss: 0.6949
Epoch   68/200 | Loss: 0.6947
Epoch   69/200 | Loss: 0.6947
Epoch   70/200 | Loss: 0.6940
Epoch   71/200 | Loss: 0.6944
Epoch   72/200 | Loss: 0.6938
Epoch   73/200 | Loss: 0.6940
Epoch   74/200 | Loss: 0.6943
Epoch   75/200 | Loss: 0.6944
Epoch   76/200 | Loss: 0.6944
Epoch   77/200 | Loss: 0.6944
Epoch   78/200 | Loss: 0.6942
Epoch   79/200 | Loss: 0.6942
Epoch   80/200 | Loss: 0.6944
Epoch   81/200 | Loss: 0.6943
Epoch   82/200 | Loss: 0.6943
Epoch   83/200 | Loss: 0.6945
Epoch   84/200 | Loss: 0.6947
Epoch   85/200 | Loss: 0.6944
Epoch   86/200 | Loss: 0.6945
Epoch   87/200 | Loss: 0.6946
Epoch   88/200 | Loss: 0.6946
Epoch   89/200 | Loss: 0.6944
Epoch   90/200 | Loss: 0.6944
Epoch   91/200 | Loss: 0.6944
Epoch   92/200 | Loss: 0.6942
Epoch   93/200 | Loss: 0.6948
Epoch   94/200 | Loss: 0.6944
Epoch   95/200 | Loss: 0.6945
Epoch   96/200 | Loss: 0.6943
Epoch   97/200 | Loss: 0.6948
Epoch   98/200 | Loss: 0.6945
Epoch   99/200 | Loss: 0.6947

[Epoch 100/200] Running validation...
Running Evaluation Step...
--- Validation: filtered ranking on 399 triples (head+tail) ---
  Val MRR (filtered): 0.9060  | tail 0.8316  head 0.9803
  Hits@1: 0.9023
  Hits@3: 0.9048
  Hits@10: 0.9110
Epoch  100/200 | Loss: 0.6944 | Val MRR: 0.9060 | LR: 5.00e-03
Epoch  101/200 | Loss: 0.6946
Epoch  102/200 | Loss: 0.6942
Epoch  103/200 | Loss: 0.6950
Epoch  104/200 | Loss: 0.6946
Epoch  105/200 | Loss: 0.6946
Epoch  106/200 | Loss: 0.6941
Epoch  107/200 | Loss: 0.6942
Epoch  108/200 | Loss: 0.6945
Epoch  109/200 | Loss: 0.6954
Epoch  110/200 | Loss: 0.6949
Epoch  111/200 | Loss: 0.6943
Epoch  112/200 | Loss: 0.6947
Epoch  113/200 | Loss: 0.6946
Epoch  114/200 | Loss: 0.6945
Epoch  115/200 | Loss: 0.6948
Epoch  116/200 | Loss: 0.6942
Epoch  117/200 | Loss: 0.6947
Epoch  118/200 | Loss: 0.6947
Epoch  119/200 | Loss: 0.6944
Epoch  120/200 | Loss: 0.6944
Epoch  121/200 | Loss: 0.6944
Epoch  122/200 | Loss: 0.6945
Epoch  123/200 | Loss: 0.6942
Epoch  124/200 | Loss: 0.6943
Epoch  125/200 | Loss: 0.6940
Epoch  126/200 | Loss: 0.6944
Epoch  127/200 | Loss: 0.6942
Epoch  128/200 | Loss: 0.6947
Epoch  129/200 | Loss: 0.6941
Epoch  130/200 | Loss: 0.6945
Epoch  131/200 | Loss: 0.6941
Epoch  132/200 | Loss: 0.6948
Epoch  133/200 | Loss: 0.6943
Epoch  134/200 | Loss: 0.6942
Epoch  135/200 | Loss: 0.6944
Epoch  136/200 | Loss: 0.6954
Epoch  137/200 | Loss: 0.6942
Epoch  138/200 | Loss: 0.6945
Epoch  139/200 | Loss: 0.6940
Epoch  140/200 | Loss: 0.6946
Epoch  141/200 | Loss: 0.6947
Epoch  142/200 | Loss: 0.6943
Epoch  143/200 | Loss: 0.6942
Epoch  144/200 | Loss: 0.6949
Epoch  145/200 | Loss: 0.6949
Epoch  146/200 | Loss: 0.6947
Epoch  147/200 | Loss: 0.6946
Epoch  148/200 | Loss: 0.6944
Epoch  149/200 | Loss: 0.6947

[Epoch 150/200] Running validation...
Running Evaluation Step...
--- Validation: filtered ranking on 399 triples (head+tail) ---
  Val MRR (filtered): 0.9060  | tail 0.8316  head 0.9803
  Hits@1: 0.9023
  Hits@3: 0.9048
  Hits@10: 0.9110
Epoch  150/200 | Loss: 0.6942 | Val MRR: 0.9060 | LR: 1.46e-03
Epoch  151/200 | Loss: 0.6946
Epoch  152/200 | Loss: 0.6945
Epoch  153/200 | Loss: 0.6950
Epoch  154/200 | Loss: 0.6944
Epoch  155/200 | Loss: 0.6947
Epoch  156/200 | Loss: 0.6947
Epoch  157/200 | Loss: 0.6942
Epoch  158/200 | Loss: 0.6945
Epoch  159/200 | Loss: 0.6945
Epoch  160/200 | Loss: 0.6941
Epoch  161/200 | Loss: 0.6945
Epoch  162/200 | Loss: 0.6947
Epoch  163/200 | Loss: 0.6946
Epoch  164/200 | Loss: 0.6943
Epoch  165/200 | Loss: 0.6947
Epoch  166/200 | Loss: 0.6949
Epoch  167/200 | Loss: 0.6950
Epoch  168/200 | Loss: 0.6944
Epoch  169/200 | Loss: 0.6944
Epoch  170/200 | Loss: 0.6947
Epoch  171/200 | Loss: 0.6945
Epoch  172/200 | Loss: 0.6949
Epoch  173/200 | Loss: 0.6946
Epoch  174/200 | Loss: 0.6942
Epoch  175/200 | Loss: 0.6942
Epoch  176/200 | Loss: 0.6944
Epoch  177/200 | Loss: 0.6945
Epoch  178/200 | Loss: 0.6946
Epoch  179/200 | Loss: 0.6947
Epoch  180/200 | Loss: 0.6943
Epoch  181/200 | Loss: 0.6943
Epoch  182/200 | Loss: 0.6942
Epoch  183/200 | Loss: 0.6942
Epoch  184/200 | Loss: 0.6949
Epoch  185/200 | Loss: 0.6940
Epoch  186/200 | Loss: 0.6946
Epoch  187/200 | Loss: 0.6946
Epoch  188/200 | Loss: 0.6940
Epoch  189/200 | Loss: 0.6944
Epoch  190/200 | Loss: 0.6942
Epoch  191/200 | Loss: 0.6944
Epoch  192/200 | Loss: 0.6947
Epoch  193/200 | Loss: 0.6947
Epoch  194/200 | Loss: 0.6946
Epoch  195/200 | Loss: 0.6940
Epoch  196/200 | Loss: 0.6942
Epoch  197/200 | Loss: 0.6944
Epoch  198/200 | Loss: 0.6939
Epoch  199/200 | Loss: 0.6945

[Epoch 200/200] Running validation...
Running Evaluation Step...
--- Validation: filtered ranking on 399 triples (head+tail) ---
  Val MRR (filtered): 0.9060  | tail 0.8316  head 0.9803
  Hits@1: 0.9023
  Hits@3: 0.9048
  Hits@10: 0.9110
Epoch  200/200 | Loss: 0.6944 | Val MRR: 0.9060 | LR: 0.00e+00

Loading best weights for final test evaluation...
Running Final Test Evaluation on full test set...
Running Evaluation Step...
  Test triple breakdown:
    O-O-X (tail out):           2104  → groups 1,3,4
    X-O-O (head out):           2678  → groups 2,3,4
    O-X-O (rel out):              39  → groups 1,2
    O-X-X (rel+tail out):         97  → group 1
    X-X-O (head+rel out):        348  → group 2
    O-O-O (all in, not used):   5007

──────────────────────────────────────────────────────────────────────
  IKGE Paper-Exact Group Evaluation
──────────────────────────────────────────────────────────────────────
  Group                                          n      MRR      H@1      H@3     H@10
──────────────────────────────────────────────────────────────────────
  Group 1 - Head entity prediction            2240   0.9869   0.9857   0.9862   0.9897 (paper 0.34, diff +0.65)
  Group 2 - Tail entity prediction            3065   0.8376   0.8339   0.8359   0.8388 (paper 0.61, diff +0.23)
  Group 3 - Head+Tail entity prediction       4782   0.8359   0.8331   0.8335   0.8377 (paper 0.52, diff +0.32)
  Group 4 - Relation prediction               4782   0.9157   0.8662   0.9791   0.9833 (paper 0.31, diff +0.61)
──────────────────────────────────────────────────────────────────────
  Overall (all groups)                       14869   0.8847   0.8669   0.9038   0.9077
──────────────────────────────────────────────────────────────────────

--- Generando reporte PDF: /workspace/ikge/ikge/ikge_evaluation_report.pdf ---
Reporte guardado exitosamente en: /workspace/ikge/ikge/ikge_evaluation_report.pdf
================================================================================
Training Complete
Best Validation MRR : 0.9060
Final Test MRR      : 0.8847
Report generated    : /workspace/ikge/ikge/ikge_evaluation_report.pdf
Weights saved       : /workspace/ikge/ikge/ikge_dbpedia50k_best_weights.pt
================================================================================
