Logging to: /workspace/ikge/ikge/logs/train_20260301_230803_frac30.log
================================================================================
Initializing IKGE DBPedia50k+ Pipeline
================================================================================
Using device: cuda
Using 30% of training data  →  9,716 triples
Entities: 19850 | Relations: 360 | Types: 220
================================================================================
🚀 SETTING UP GLOVE EMBEDDINGS FOR IKGE
================================================================================
✅ GloVe embeddings already exist: /workspace/ikge/ikge/embeddings/glove.6B.300d.txt
   Size: 989.9 MB

📚 Building vocabulary from 55959 descriptions...
✅ Vocabulary built:
   Total unique words: 296,581
   Words with freq >= 1: 296,581
   Final vocabulary size: 296,583

📖 Loading GloVe embeddings from: /workspace/ikge/ikge/embeddings/glove.6B.300d.txt
✅ Loaded 86,965 word embeddings

📊 Embedding Matrix Statistics:
   Vocabulary size: 296,583
   Words found in GloVe: 86,965 (29.3%)
   Words using mean embedding: 209,618

================================================================================
✅ GLOVE SETUP COMPLETE!
================================================================================

📦 Ready to use:
   - embedding_matrix: shape torch.Size([296583, 300])
   - word2idx: 296,583 words
   - GloVe coverage: 29.3%

Building Line Graph...
📊 Line Graph Info:
   Number of facts (nodes): 9,716

🔨 Building line graph...
   Step 1: Indexing facts by entities...
      Found 11,622 unique entities
      Avg facts per entity: 1.7
   Step 2: Finding adjacent facts...
   Step 3: Creating edge tensor...

✅ Line graph constructed!
   Nodes (facts): 9,716
   Edges (adjacent fact pairs): 151,321
   Avg degree: 15.6
   Density: 0.001603

Pre-tokenizing entities and relations...
Pre-tokenization complete.
torch.compile enabled.

Starting Training Loop...
Epoch    1/200 | Loss: 1.3133
Epoch    2/200 | Loss: 1.2331
Epoch    3/200 | Loss: 1.1766
Epoch    4/200 | Loss: 1.1294
Epoch    5/200 | Loss: 1.0879
Epoch    6/200 | Loss: 1.0529
Epoch    7/200 | Loss: 1.0272
Epoch    8/200 | Loss: 1.0068
Epoch    9/200 | Loss: 0.9912
Epoch   10/200 | Loss: 0.9810
Epoch   11/200 | Loss: 0.9733
Epoch   12/200 | Loss: 0.9668
Epoch   13/200 | Loss: 0.9627
Epoch   14/200 | Loss: 0.9603
Epoch   15/200 | Loss: 0.9587
Epoch   16/200 | Loss: 0.9551
Epoch   17/200 | Loss: 0.9551
Epoch   18/200 | Loss: 0.9535
Epoch   19/200 | Loss: 0.9523
Epoch   20/200 | Loss: 0.9491
Epoch   21/200 | Loss: 0.9491
Epoch   22/200 | Loss: 0.9477
Epoch   23/200 | Loss: 0.9461
Epoch   24/200 | Loss: 0.9448
Epoch   25/200 | Loss: 0.9448
Epoch   26/200 | Loss: 0.9435
Epoch   27/200 | Loss: 0.9424
Epoch   28/200 | Loss: 0.9410
Epoch   29/200 | Loss: 0.9400
Epoch   30/200 | Loss: 0.9398
Epoch   31/200 | Loss: 0.9384
Epoch   32/200 | Loss: 0.9375
Epoch   33/200 | Loss: 0.9363
Epoch   34/200 | Loss: 0.9352
Epoch   35/200 | Loss: 0.9341
Epoch   36/200 | Loss: 0.9328
Epoch   37/200 | Loss: 0.9326
Epoch   38/200 | Loss: 0.9317
Epoch   39/200 | Loss: 0.9305
Epoch   40/200 | Loss: 0.9289
Epoch   41/200 | Loss: 0.9279
Epoch   42/200 | Loss: 0.9270
Epoch   43/200 | Loss: 0.9259
Epoch   44/200 | Loss: 0.9245
Epoch   45/200 | Loss: 0.9221
Epoch   46/200 | Loss: 0.9221
Epoch   47/200 | Loss: 0.9199
Epoch   48/200 | Loss: 0.9186
Epoch   49/200 | Loss: 0.9174

[Epoch 50/200] Running validation...
Running Evaluation Step...
--- Evaluando Ranking en 399 tripletas ---
Resultados Ranking: {'mrr': np.float64(0.9053898729548022), 'mr': np.float64(543.3784461152882), 'hits@1': np.float64(0.8446115288220551), 'hits@3': np.float64(0.9699248120300752), 'hits@10': np.float64(0.9724310776942355)}
  Saved best weights! MRR: 0.9054
Epoch   50/200 | Loss: 0.9164 | Val MRR: 0.9054 | LR: 1.00e-03
Epoch   51/200 | Loss: 0.9151
Epoch   52/200 | Loss: 0.9140
Epoch   53/200 | Loss: 0.9115
Epoch   54/200 | Loss: 0.9105
Epoch   55/200 | Loss: 0.9093
Epoch   56/200 | Loss: 0.9081
Epoch   57/200 | Loss: 0.9071
Epoch   58/200 | Loss: 0.9048
Epoch   59/200 | Loss: 0.9035
Epoch   60/200 | Loss: 0.9023
Epoch   61/200 | Loss: 0.9001
Epoch   62/200 | Loss: 0.8987
Epoch   63/200 | Loss: 0.8966
Epoch   64/200 | Loss: 0.8954
Epoch   65/200 | Loss: 0.8942
Epoch   66/200 | Loss: 0.8918
Epoch   67/200 | Loss: 0.8907
Epoch   68/200 | Loss: 0.8885
Epoch   69/200 | Loss: 0.8873
Epoch   70/200 | Loss: 0.8851
Epoch   71/200 | Loss: 0.8839
Epoch   72/200 | Loss: 0.8816
Epoch   73/200 | Loss: 0.8795
Epoch   74/200 | Loss: 0.8783
Epoch   75/200 | Loss: 0.8758
Epoch   76/200 | Loss: 0.8748
Epoch   77/200 | Loss: 0.8725
Epoch   78/200 | Loss: 0.8703
Epoch   79/200 | Loss: 0.8681
Epoch   80/200 | Loss: 0.8669
Epoch   81/200 | Loss: 0.8646
Epoch   82/200 | Loss: 0.8623
Epoch   83/200 | Loss: 0.8612
Epoch   84/200 | Loss: 0.8589
Epoch   85/200 | Loss: 0.8566
Epoch   86/200 | Loss: 0.8545
Epoch   87/200 | Loss: 0.8522
Epoch   88/200 | Loss: 0.8510
Epoch   89/200 | Loss: 0.8489
Epoch   90/200 | Loss: 0.8466
Epoch   91/200 | Loss: 0.8443
Epoch   92/200 | Loss: 0.8422
Epoch   93/200 | Loss: 0.8409
Epoch   94/200 | Loss: 0.8388
Epoch   95/200 | Loss: 0.8366
Epoch   96/200 | Loss: 0.8344
Epoch   97/200 | Loss: 0.8323
Epoch   98/200 | Loss: 0.8300
Epoch   99/200 | Loss: 0.8278

[Epoch 100/200] Running validation...
Running Evaluation Step...
--- Evaluando Ranking en 399 tripletas ---
Resultados Ranking: {'mrr': np.float64(0.9053898753169285), 'mr': np.float64(542.5012531328321), 'hits@1': np.float64(0.8446115288220551), 'hits@3': np.float64(0.9699248120300752), 'hits@10': np.float64(0.9724310776942355)}
  Saved best weights! MRR: 0.9054
Epoch  100/200 | Loss: 0.8256 | Val MRR: 0.9054 | LR: 1.00e-03
Epoch  101/200 | Loss: 0.8241
Epoch  102/200 | Loss: 0.8218
Epoch  103/200 | Loss: 0.8201
Epoch  104/200 | Loss: 0.8180
Epoch  105/200 | Loss: 0.8159
Epoch  106/200 | Loss: 0.8143
Epoch  107/200 | Loss: 0.8121
Epoch  108/200 | Loss: 0.8104
Epoch  109/200 | Loss: 0.8087
Epoch  110/200 | Loss: 0.8061
Epoch  111/200 | Loss: 0.8040
Epoch  112/200 | Loss: 0.8029
Epoch  113/200 | Loss: 0.8002
Epoch  114/200 | Loss: 0.7991
Epoch  115/200 | Loss: 0.7969
Epoch  116/200 | Loss: 0.7947
Epoch  117/200 | Loss: 0.7932
Epoch  118/200 | Loss: 0.7910
Epoch  119/200 | Loss: 0.7895
Epoch  120/200 | Loss: 0.7879
Epoch  121/200 | Loss: 0.7863
Epoch  122/200 | Loss: 0.7842
Epoch  123/200 | Loss: 0.7821
Epoch  124/200 | Loss: 0.7810
Epoch  125/200 | Loss: 0.7794
Epoch  126/200 | Loss: 0.7774
Epoch  127/200 | Loss: 0.7763
Epoch  128/200 | Loss: 0.7747
Epoch  129/200 | Loss: 0.7725
Epoch  130/200 | Loss: 0.7710
Epoch  131/200 | Loss: 0.7695
Epoch  132/200 | Loss: 0.7684
Epoch  133/200 | Loss: 0.7668
Epoch  134/200 | Loss: 0.7652
Epoch  135/200 | Loss: 0.7642
Epoch  136/200 | Loss: 0.7627
Epoch  137/200 | Loss: 0.7611
Epoch  138/200 | Loss: 0.7595
Epoch  139/200 | Loss: 0.7590
Epoch  140/200 | Loss: 0.7575
Epoch  141/200 | Loss: 0.7562
Epoch  142/200 | Loss: 0.7552
Epoch  143/200 | Loss: 0.7539
Epoch  144/200 | Loss: 0.7526
Epoch  145/200 | Loss: 0.7513
Epoch  146/200 | Loss: 0.7502
Epoch  147/200 | Loss: 0.7492
Epoch  148/200 | Loss: 0.7481
Epoch  149/200 | Loss: 0.7471

[Epoch 150/200] Running validation...
Running Evaluation Step...
--- Evaluando Ranking en 399 tripletas ---
Resultados Ranking: {'mrr': np.float64(0.9053898757496702), 'mr': np.float64(542.3358395989975), 'hits@1': np.float64(0.8446115288220551), 'hits@3': np.float64(0.9699248120300752), 'hits@10': np.float64(0.9724310776942355)}
  Saved best weights! MRR: 0.9054
Epoch  150/200 | Loss: 0.7459 | Val MRR: 0.9054 | LR: 1.00e-03
Epoch  151/200 | Loss: 0.7451
Epoch  152/200 | Loss: 0.7441
Epoch  153/200 | Loss: 0.7428
Epoch  154/200 | Loss: 0.7423
Epoch  155/200 | Loss: 0.7415
Epoch  156/200 | Loss: 0.7400
Epoch  157/200 | Loss: 0.7392
Epoch  158/200 | Loss: 0.7387
Epoch  159/200 | Loss: 0.7374
Epoch  160/200 | Loss: 0.7367
Epoch  161/200 | Loss: 0.7359
Epoch  162/200 | Loss: 0.7354
Epoch  163/200 | Loss: 0.7347
Epoch  164/200 | Loss: 0.7336
Epoch  165/200 | Loss: 0.7329
Epoch  166/200 | Loss: 0.7324
Epoch  167/200 | Loss: 0.7319
Epoch  168/200 | Loss: 0.7306
Epoch  169/200 | Loss: 0.7301
Epoch  170/200 | Loss: 0.7296
Epoch  171/200 | Loss: 0.7288
Epoch  172/200 | Loss: 0.7284
Epoch  173/200 | Loss: 0.7278
Epoch  174/200 | Loss: 0.7268
Epoch  175/200 | Loss: 0.7266
Epoch  176/200 | Loss: 0.7258
Epoch  177/200 | Loss: 0.7253
Epoch  178/200 | Loss: 0.7248
Epoch  179/200 | Loss: 0.7245
Epoch  180/200 | Loss: 0.7239
Epoch  181/200 | Loss: 0.7234
Epoch  182/200 | Loss: 0.7226
Epoch  183/200 | Loss: 0.7222
Epoch  184/200 | Loss: 0.7217
Epoch  185/200 | Loss: 0.7213
Epoch  186/200 | Loss: 0.7208
Epoch  187/200 | Loss: 0.7204
Epoch  188/200 | Loss: 0.7200
Epoch  189/200 | Loss: 0.7196
Epoch  190/200 | Loss: 0.7192
Epoch  191/200 | Loss: 0.7188
Epoch  192/200 | Loss: 0.7184
Epoch  193/200 | Loss: 0.7181
Epoch  194/200 | Loss: 0.7177
Epoch  195/200 | Loss: 0.7173
Epoch  196/200 | Loss: 0.7169
Epoch  197/200 | Loss: 0.7166
Epoch  198/200 | Loss: 0.7162
Epoch  199/200 | Loss: 0.7158

[Epoch 200/200] Running validation...
Running Evaluation Step...
--- Evaluando Ranking en 399 tripletas ---
Resultados Ranking: {'mrr': np.float64(0.9053898752561923), 'mr': np.float64(542.5187969924812), 'hits@1': np.float64(0.8446115288220551), 'hits@3': np.float64(0.9699248120300752), 'hits@10': np.float64(0.9724310776942355)}
Epoch  200/200 | Loss: 0.7154 | Val MRR: 0.9054 | LR: 1.00e-03

Loading best weights for final test evaluation...
Running Final Test Evaluation on full test set...
Running Evaluation Step...
--- Evaluando Ranking en 10273 tripletas ---
