Logging to: /workspace/ikge/ikge/logs/train_20260301_232931_frac30.log
================================================================================
Initializing IKGE DBPedia50k+ Pipeline
================================================================================
Using device: cuda
Using 30% of training data  →  9,716 triples
Entities: 19850 | Relations: 360 | Types: 220
================================================================================
🚀 SETTING UP GLOVE EMBEDDINGS FOR IKGE
================================================================================
✅ GloVe embeddings already exist: /workspace/ikge/ikge/embeddings/glove.6B.300d.txt
   Size: 989.9 MB

📚 Building vocabulary from 55959 descriptions...
✅ Vocabulary built:
   Total unique words: 296,581
   Words with freq >= 1: 296,581
   Final vocabulary size: 296,583

📖 Loading GloVe embeddings from: /workspace/ikge/ikge/embeddings/glove.6B.300d.txt
✅ Loaded 86,965 word embeddings

📊 Embedding Matrix Statistics:
   Vocabulary size: 296,583
   Words found in GloVe: 86,965 (29.3%)
   Words using mean embedding: 209,618

================================================================================
✅ GLOVE SETUP COMPLETE!
================================================================================

📦 Ready to use:
   - embedding_matrix: shape torch.Size([296583, 300])
   - word2idx: 296,583 words
   - GloVe coverage: 29.3%

Building Line Graph...
📊 Line Graph Info:
   Number of facts (nodes): 9,716

🔨 Building line graph...
   Step 1: Indexing facts by entities...
      Found 11,622 unique entities
      Avg facts per entity: 1.7
   Step 2: Finding adjacent facts...
   Step 3: Creating edge tensor...

✅ Line graph constructed!
   Nodes (facts): 9,716
   Edges (adjacent fact pairs): 151,321
   Avg degree: 15.6
   Density: 0.001603

Pre-tokenizing entities and relations...
Pre-tokenization complete.
torch.compile enabled.

Starting Training Loop...
Epoch    1/200 | Loss: 1.3247
Epoch    2/200 | Loss: 1.2340
Epoch    3/200 | Loss: 1.1717
Epoch    4/200 | Loss: 1.1241
Epoch    5/200 | Loss: 1.0880
Epoch    6/200 | Loss: 1.0597
Epoch    7/200 | Loss: 1.0389
Epoch    8/200 | Loss: 1.0209
Epoch    9/200 | Loss: 1.0105
Epoch   10/200 | Loss: 1.0027
Epoch   11/200 | Loss: 0.9973
Epoch   12/200 | Loss: 0.9920
Epoch   13/200 | Loss: 0.9895
Epoch   14/200 | Loss: 0.9871
Epoch   15/200 | Loss: 0.9842
Epoch   16/200 | Loss: 0.9838
Epoch   17/200 | Loss: 0.9838
Epoch   18/200 | Loss: 0.9794
Epoch   19/200 | Loss: 0.9793
Epoch   20/200 | Loss: 0.9789
Epoch   21/200 | Loss: 0.9765
Epoch   22/200 | Loss: 0.9765
Epoch   23/200 | Loss: 0.9765
Epoch   24/200 | Loss: 0.9741
Epoch   25/200 | Loss: 0.9740
Epoch   26/200 | Loss: 0.9728
Epoch   27/200 | Loss: 0.9728
Epoch   28/200 | Loss: 0.9716
Epoch   29/200 | Loss: 0.9703
Epoch   30/200 | Loss: 0.9691
Epoch   31/200 | Loss: 0.9690
Epoch   32/200 | Loss: 0.9677
Epoch   33/200 | Loss: 0.9664
Epoch   34/200 | Loss: 0.9651
Epoch   35/200 | Loss: 0.9639
Epoch   36/200 | Loss: 0.9638
Epoch   37/200 | Loss: 0.9627
Epoch   38/200 | Loss: 0.9611
Epoch   39/200 | Loss: 0.9603
Epoch   40/200 | Loss: 0.9600
Epoch   41/200 | Loss: 0.9588
Epoch   42/200 | Loss: 0.9580
Epoch   43/200 | Loss: 0.9567
Epoch   44/200 | Loss: 0.9553
Epoch   45/200 | Loss: 0.9543
Epoch   46/200 | Loss: 0.9528
Epoch   47/200 | Loss: 0.9533
Epoch   48/200 | Loss: 0.9519
Epoch   49/200 | Loss: 0.9507

[Epoch 50/200] Running validation...
Running Evaluation Step...
--- Evaluando Ranking en 399 tripletas ---
Resultados Ranking: {'mrr': np.float64(0.9053898722054168), 'mr': np.float64(543.65664160401), 'hits@1': np.float64(0.8446115288220551), 'hits@3': np.float64(0.9699248120300752), 'hits@10': np.float64(0.9724310776942355)}
  Saved best weights! MRR: 0.9054
Epoch   50/200 | Loss: 0.9494 | Val MRR: 0.9054 | LR: 1.00e-03
Epoch   51/200 | Loss: 0.9482
Epoch   52/200 | Loss: 0.9469
Epoch   53/200 | Loss: 0.9458
Epoch   54/200 | Loss: 0.9447
Epoch   55/200 | Loss: 0.9434
Epoch   56/200 | Loss: 0.9422
Epoch   57/200 | Loss: 0.9410
Epoch   58/200 | Loss: 0.9385
Epoch   59/200 | Loss: 0.9377
Epoch   60/200 | Loss: 0.9363
Epoch   61/200 | Loss: 0.9348
Epoch   62/200 | Loss: 0.9342
Epoch   63/200 | Loss: 0.9326
Epoch   64/200 | Loss: 0.9303
Epoch   65/200 | Loss: 0.9293
Epoch   66/200 | Loss: 0.9279
Epoch   67/200 | Loss: 0.9270
Epoch   68/200 | Loss: 0.9257
Epoch   69/200 | Loss: 0.9233
Epoch   70/200 | Loss: 0.9220
Epoch   71/200 | Loss: 0.9207
Epoch   72/200 | Loss: 0.9188
Epoch   73/200 | Loss: 0.9175
Epoch   74/200 | Loss: 0.9151
Epoch   75/200 | Loss: 0.9141
Epoch   76/200 | Loss: 0.9129
Epoch   77/200 | Loss: 0.9104
Epoch   78/200 | Loss: 0.9093
Epoch   79/200 | Loss: 0.9068
Epoch   80/200 | Loss: 0.9059
Epoch   81/200 | Loss: 0.9034
Epoch   82/200 | Loss: 0.9024
Epoch   83/200 | Loss: 0.9001
Epoch   84/200 | Loss: 0.8990
Epoch   85/200 | Loss: 0.8963
Epoch   86/200 | Loss: 0.8943
Epoch   87/200 | Loss: 0.8932
Epoch   88/200 | Loss: 0.8908
Epoch   89/200 | Loss: 0.8885
Epoch   90/200 | Loss: 0.8872
Epoch   91/200 | Loss: 0.8851
Epoch   92/200 | Loss: 0.8839
Epoch   93/200 | Loss: 0.8816
Epoch   94/200 | Loss: 0.8793
Epoch   95/200 | Loss: 0.8783
Epoch   96/200 | Loss: 0.8759
Epoch   97/200 | Loss: 0.8738
Epoch   98/200 | Loss: 0.8713
Epoch   99/200 | Loss: 0.8703

[Epoch 100/200] Running validation...
Running Evaluation Step...
--- Evaluando Ranking en 399 tripletas ---
Resultados Ranking: {'mrr': np.float64(0.9053898756256741), 'mr': np.float64(542.3859649122807), 'hits@1': np.float64(0.8446115288220551), 'hits@3': np.float64(0.9699248120300752), 'hits@10': np.float64(0.9724310776942355)}
  Saved best weights! MRR: 0.9054
Epoch  100/200 | Loss: 0.8680 | Val MRR: 0.9054 | LR: 1.00e-03
Epoch  101/200 | Loss: 0.8658
Epoch  102/200 | Loss: 0.8635
Epoch  103/200 | Loss: 0.8623
Epoch  104/200 | Loss: 0.8600
Epoch  105/200 | Loss: 0.8579
Epoch  106/200 | Loss: 0.8557
Epoch  107/200 | Loss: 0.8534
Epoch  108/200 | Loss: 0.8523
Epoch  109/200 | Loss: 0.8501
Epoch  110/200 | Loss: 0.8478
Epoch  111/200 | Loss: 0.8456
Epoch  112/200 | Loss: 0.8434
Epoch  113/200 | Loss: 0.8421
Epoch  114/200 | Loss: 0.8400
Epoch  115/200 | Loss: 0.8378
Epoch  116/200 | Loss: 0.8356
Epoch  117/200 | Loss: 0.8335
Epoch  118/200 | Loss: 0.8310
Epoch  119/200 | Loss: 0.8299
Epoch  120/200 | Loss: 0.8278
Epoch  121/200 | Loss: 0.8255
Epoch  122/200 | Loss: 0.8240
Epoch  123/200 | Loss: 0.8224
Epoch  124/200 | Loss: 0.8198
Epoch  125/200 | Loss: 0.8180
Epoch  126/200 | Loss: 0.8158
Epoch  127/200 | Loss: 0.8141
Epoch  128/200 | Loss: 0.8125
Epoch  129/200 | Loss: 0.8099
Epoch  130/200 | Loss: 0.8083
Epoch  131/200 | Loss: 0.8072
Epoch  132/200 | Loss: 0.8045
Epoch  133/200 | Loss: 0.8034
Epoch  134/200 | Loss: 0.8008
Epoch  135/200 | Loss: 0.7996
Epoch  136/200 | Loss: 0.7976
Epoch  137/200 | Loss: 0.7959
Epoch  138/200 | Loss: 0.7948
Epoch  139/200 | Loss: 0.7927
Epoch  140/200 | Loss: 0.7910
Epoch  141/200 | Loss: 0.7890
Epoch  142/200 | Loss: 0.7879
Epoch  143/200 | Loss: 0.7857
Epoch  144/200 | Loss: 0.7847
Epoch  145/200 | Loss: 0.7826
Epoch  146/200 | Loss: 0.7815
Epoch  147/200 | Loss: 0.7794
Epoch  148/200 | Loss: 0.7784
Epoch  149/200 | Loss: 0.7768

[Epoch 150/200] Running validation...
Running Evaluation Step...
--- Evaluando Ranking en 399 tripletas ---
Resultados Ranking: {'mrr': np.float64(0.9053898753504467), 'mr': np.float64(542.4862155388471), 'hits@1': np.float64(0.8446115288220551), 'hits@3': np.float64(0.9699248120300752), 'hits@10': np.float64(0.9724310776942355)}
Epoch  150/200 | Loss: 0.7757 | Val MRR: 0.9054 | LR: 1.00e-03
Epoch  151/200 | Loss: 0.7736
Epoch  152/200 | Loss: 0.7726
Epoch  153/200 | Loss: 0.7710
Epoch  154/200 | Loss: 0.7700
Epoch  155/200 | Loss: 0.7684
Epoch  156/200 | Loss: 0.7674
Epoch  157/200 | Loss: 0.7658
Epoch  158/200 | Loss: 0.7647
Epoch  159/200 | Loss: 0.7637
Epoch  160/200 | Loss: 0.7622
Epoch  161/200 | Loss: 0.7611
Epoch  162/200 | Loss: 0.7596
Epoch  163/200 | Loss: 0.7585
Epoch  164/200 | Loss: 0.7572
Epoch  165/200 | Loss: 0.7565
Epoch  166/200 | Loss: 0.7549
Epoch  167/200 | Loss: 0.7541
Epoch  168/200 | Loss: 0.7531
Epoch  169/200 | Loss: 0.7518
Epoch  170/200 | Loss: 0.7510
Epoch  171/200 | Loss: 0.7503
Epoch  172/200 | Loss: 0.7495
Epoch  173/200 | Loss: 0.7477
Epoch  174/200 | Loss: 0.7469
Epoch  175/200 | Loss: 0.7461
Epoch  176/200 | Loss: 0.7454
Epoch  177/200 | Loss: 0.7446
Epoch  178/200 | Loss: 0.7431
Epoch  179/200 | Loss: 0.7423
Epoch  180/200 | Loss: 0.7418
Epoch  181/200 | Loss: 0.7410
Epoch  182/200 | Loss: 0.7403
Epoch  183/200 | Loss: 0.7395
Epoch  184/200 | Loss: 0.7390
Epoch  185/200 | Loss: 0.7375
Epoch  186/200 | Loss: 0.7370
Epoch  187/200 | Loss: 0.7362
Epoch  188/200 | Loss: 0.7357
Epoch  189/200 | Loss: 0.7349
Epoch  190/200 | Loss: 0.7344
Epoch  191/200 | Loss: 0.7337
Epoch  192/200 | Loss: 0.7332
Epoch  193/200 | Loss: 0.7327
Epoch  194/200 | Loss: 0.7319
Epoch  195/200 | Loss: 0.7314
Epoch  196/200 | Loss: 0.7301
Epoch  197/200 | Loss: 0.7296
Epoch  198/200 | Loss: 0.7291
Epoch  199/200 | Loss: 0.7286

[Epoch 200/200] Running validation...
Running Evaluation Step...
--- Evaluando Ranking en 399 tripletas ---
Resultados Ranking: {'mrr': np.float64(0.9053898754604986), 'mr': np.float64(542.4411027568922), 'hits@1': np.float64(0.8446115288220551), 'hits@3': np.float64(0.9699248120300752), 'hits@10': np.float64(0.9724310776942355)}
Epoch  200/200 | Loss: 0.7281 | Val MRR: 0.9054 | LR: 1.00e-03

Loading best weights for final test evaluation...
Running Final Test Evaluation on full test set...
Running Evaluation Step...
--- Evaluando Ranking en 10273 tripletas ---
