Logging to: /workspace/ikge/ikge/logs/train_20260302_011416_frac30_new.log
================================================================================
Initializing IKGE DBPedia50k+ Pipeline
================================================================================
Using device: cuda
Using 60% of training data  →  19,432 triples
In-KG entities: 18,266  |  In-KG relations: 275
Entities: 25021 | Relations: 374 | Types: 220
================================================================================
🚀 SETTING UP GLOVE EMBEDDINGS FOR IKGE
================================================================================
✅ GloVe embeddings already exist: /workspace/ikge/ikge/embeddings/glove.6B.300d.txt
   Size: 989.9 MB

📚 Building vocabulary from 55973 descriptions...
✅ Vocabulary built:
   Total unique words: 296,595
   Words with freq >= 1: 296,595
   Final vocabulary size: 296,597

📖 Loading GloVe embeddings from: /workspace/ikge/ikge/embeddings/glove.6B.300d.txt
✅ Loaded 86,965 word embeddings

📊 Embedding Matrix Statistics:
   Vocabulary size: 296,597
   Words found in GloVe: 86,965 (29.3%)
   Words using Kaiming uniform init: 209,632

================================================================================
✅ GLOVE SETUP COMPLETE!
================================================================================

📦 Ready to use:
   - embedding_matrix: shape torch.Size([296597, 300])
   - word2idx: 296,597 words
   - GloVe coverage: 29.3%

Building Line Graph...
📊 Line Graph Info:
   Number of facts (nodes): 19,432

🔨 Building line graph...
   Step 1: Indexing facts by entities...
      Found 18,266 unique entities
      Avg facts per entity: 2.1
   Step 2: Finding adjacent facts...
   Step 3: Creating edge tensor...

✅ Line graph constructed!
   Nodes (facts): 19,432
   Edges (adjacent fact pairs): 620,016
   Avg degree: 31.9
   Density: 0.001642

Pre-tokenizing entities and relations...
Pre-tokenization complete.
torch.compile not available (module 'torch._functorch' has no attribute 'config'); continuing without it.

Starting Training Loop...
