Logging to: /workspace/ikge/ikge/logs/train_20260301_230332_frac10.log
================================================================================
Initializing IKGE DBPedia50k+ Pipeline
================================================================================
Using device: cuda
Using 10% of training data  →  3,238 triples
Entities: 14915 | Relations: 353 | Types: 220
================================================================================
🚀 SETTING UP GLOVE EMBEDDINGS FOR IKGE
================================================================================
✅ GloVe embeddings already exist: /workspace/ikge/ikge/embeddings/glove.6B.300d.txt
   Size: 989.9 MB

📚 Building vocabulary from 55952 descriptions...
✅ Vocabulary built:
   Total unique words: 296,574
   Words with freq >= 1: 296,574
   Final vocabulary size: 296,576

📖 Loading GloVe embeddings from: /workspace/ikge/ikge/embeddings/glove.6B.300d.txt
✅ Loaded 86,965 word embeddings

📊 Embedding Matrix Statistics:
   Vocabulary size: 296,576
   Words found in GloVe: 86,965 (29.3%)
   Words using mean embedding: 209,611

================================================================================
✅ GLOVE SETUP COMPLETE!
================================================================================

📦 Ready to use:
   - embedding_matrix: shape torch.Size([296576, 300])
   - word2idx: 296,576 words
   - GloVe coverage: 29.3%

Building Line Graph...
📊 Line Graph Info:
   Number of facts (nodes): 3,238

🔨 Building line graph...
   Step 1: Indexing facts by entities...
      Found 4,876 unique entities
      Avg facts per entity: 1.3
   Step 2: Finding adjacent facts...
   Step 3: Creating edge tensor...

✅ Line graph constructed!
   Nodes (facts): 3,238
   Edges (adjacent fact pairs): 16,425
   Avg degree: 5.1
   Density: 0.001567

Pre-tokenizing entities and relations...
Pre-tokenization complete.
torch.compile enabled.

Starting Training Loop...
Epoch    1/200 | Loss: 1.3077
Epoch    2/200 | Loss: 1.2247
Epoch    3/200 | Loss: 1.1621
Epoch    4/200 | Loss: 1.1130
Epoch    5/200 | Loss: 1.0715
Epoch    6/200 | Loss: 1.0434
Epoch    7/200 | Loss: 1.0190
Epoch    8/200 | Loss: 1.0040
Epoch    9/200 | Loss: 0.9924

[Epoch 10/200] Running validation...
Running Evaluation Step...
--- Evaluando Ranking en 399 tripletas ---
Resultados Ranking: {'mrr': np.float64(0.7876041868681936), 'mr': np.float64(50.852130325814535), 'hits@1': np.float64(0.7619047619047619), 'hits@3': np.float64(0.8045112781954887), 'hits@10': np.float64(0.8145363408521303)}
  Saved best weights! MRR: 0.7876
Epoch   10/200 | Loss: 0.9841 | Val MRR: 0.7876 | LR: 1.00e-03
Epoch   11/200 | Loss: 0.9777
Epoch   12/200 | Loss: 0.9751
Epoch   13/200 | Loss: 0.9725
Epoch   14/200 | Loss: 0.9689
Epoch   15/200 | Loss: 0.9689
Epoch   16/200 | Loss: 0.9668
Epoch   17/200 | Loss: 0.9641
Epoch   18/200 | Loss: 0.9641
Epoch   19/200 | Loss: 0.9629

[Epoch 20/200] Running validation...
Running Evaluation Step...
--- Evaluando Ranking en 399 tripletas ---
