Logging to: /workspace/ikge/ikge/logs/train_20260302_022949_frac30_new.log
================================================================================
Initializing IKGE DBPedia50k+ Pipeline
================================================================================
Using device: cuda
Using 30% of training data  →  9,716 triples
In-KG entities: 11,622  |  In-KG relations: 218
Entities: 19850 | Relations: 360 | Types: 220
================================================================================
🚀 SETTING UP GLOVE EMBEDDINGS FOR IKGE
================================================================================
✅ GloVe embeddings already exist: /workspace/ikge/ikge/embeddings/glove.6B.300d.txt
   Size: 989.9 MB

📚 Building vocabulary from 55959 descriptions...
✅ Vocabulary built:
   Total unique words: 296,581
   Words with freq >= 1: 296,581
   Final vocabulary size: 296,583

📖 Loading GloVe embeddings from: /workspace/ikge/ikge/embeddings/glove.6B.300d.txt
✅ Loaded 86,965 word embeddings

📊 Embedding Matrix Statistics:
   Vocabulary size: 296,583
   Words found in GloVe: 86,965 (29.3%)
   Words using Kaiming uniform init: 209,618

================================================================================
✅ GLOVE SETUP COMPLETE!
================================================================================

📦 Ready to use:
   - embedding_matrix: shape torch.Size([296583, 300])
   - word2idx: 296,583 words
   - GloVe coverage: 29.3%

Building Line Graph...
📊 Line Graph Info:
   Number of facts (nodes): 9,716

🔨 Building line graph...
   Step 1: Indexing facts by entities...
      Found 11,622 unique entities
      Avg facts per entity: 1.7
   Step 2: Finding adjacent facts...
   Step 3: Creating edge tensor...

✅ Line graph constructed!
   Nodes (facts): 9,716
   Edges (adjacent fact pairs): 151,321
   Avg degree: 15.6
   Density: 0.001603

Pre-tokenizing entities and relations...
entity_to_facts: 11622 entities indexed over 9716 training facts.
Pre-tokenization complete.
torch.compile enabled.

Starting Training Loop...
Epoch    1/200 | Loss: 1.3055
Epoch    2/200 | Loss: 1.2847
Epoch    3/200 | Loss: 1.2857
Epoch    4/200 | Loss: 1.2832
Epoch    5/200 | Loss: 1.2869
Epoch    6/200 | Loss: 1.2850
Epoch    7/200 | Loss: 1.2849
Epoch    8/200 | Loss: 1.2908
Epoch    9/200 | Loss: 1.2888
Epoch   10/200 | Loss: 1.2924
Epoch   11/200 | Loss: 1.2880
Epoch   12/200 | Loss: 1.2831
Epoch   13/200 | Loss: 1.2878
Epoch   14/200 | Loss: 1.3757
Epoch   15/200 | Loss: 1.2939
Epoch   16/200 | Loss: 1.2904
Epoch   17/200 | Loss: 1.2868
Epoch   18/200 | Loss: 1.2931
Epoch   19/200 | Loss: 1.2895
Epoch   20/200 | Loss: 1.2851
Epoch   21/200 | Loss: 1.2903
Epoch   22/200 | Loss: 1.2855
Epoch   23/200 | Loss: 1.2905
Epoch   24/200 | Loss: 1.2936
Epoch   25/200 | Loss: 1.2892
Epoch   26/200 | Loss: 1.2896
Epoch   27/200 | Loss: 1.2877
Epoch   28/200 | Loss: 1.2873
Epoch   29/200 | Loss: 1.2930
Epoch   30/200 | Loss: 1.2922
Epoch   31/200 | Loss: 1.3091
Epoch   32/200 | Loss: 1.2900
Epoch   33/200 | Loss: 1.2902
Epoch   34/200 | Loss: 1.2909
Epoch   35/200 | Loss: 1.2827
Epoch   36/200 | Loss: 1.2862
Epoch   37/200 | Loss: 1.2915
Epoch   38/200 | Loss: 1.2884
Epoch   39/200 | Loss: 1.2961
Epoch   40/200 | Loss: 1.2923
Epoch   41/200 | Loss: 1.2919
Epoch   42/200 | Loss: 1.2883
Epoch   43/200 | Loss: 1.2582
Epoch   44/200 | Loss: 1.2841
Epoch   45/200 | Loss: 1.2902
Epoch   46/200 | Loss: 1.2921
Epoch   47/200 | Loss: 1.2896
Epoch   48/200 | Loss: 1.2887
Epoch   49/200 | Loss: 1.2896

[Epoch 50/200] Running validation...
Running Evaluation Step...
--- Validation: filtered ranking on 399 triples (head+tail) ---
  Val MRR (filtered): 0.0001  | tail 0.0001  head 0.0001
  Hits@1: 0.0000
  Hits@3: 0.0000
  Hits@10: 0.0000
  Saved best weights! MRR: 0.0001
Epoch   50/200 | Loss: 1.2906 | Val MRR: 0.0001 | LR: 8.54e-03
Epoch   51/200 | Loss: 1.2857
Epoch   52/200 | Loss: 1.2900
Epoch   53/200 | Loss: 1.1719
Epoch   54/200 | Loss: 1.2861
Epoch   55/200 | Loss: 1.3533
Epoch   56/200 | Loss: 1.5636
Epoch   57/200 | Loss: 1.2969
Epoch   58/200 | Loss: 1.2884
Epoch   59/200 | Loss: 1.2871
Epoch   60/200 | Loss: 1.2834
Epoch   61/200 | Loss: 1.2856
Epoch   62/200 | Loss: 1.2888
Epoch   63/200 | Loss: 1.2869
Epoch   64/200 | Loss: 1.2862
Epoch   65/200 | Loss: 1.2881
Epoch   66/200 | Loss: 1.4346
Epoch   67/200 | Loss: 1.3764
Epoch   68/200 | Loss: 1.4437
Epoch   69/200 | Loss: 1.2125
Epoch   70/200 | Loss: 1.7159
Epoch   71/200 | Loss: 1.3807
Epoch   72/200 | Loss: 1.2902
Epoch   73/200 | Loss: 1.2950
Epoch   74/200 | Loss: 1.2815
Epoch   75/200 | Loss: 1.2901
Epoch   76/200 | Loss: 1.2932
Epoch   77/200 | Loss: 1.2881
Epoch   78/200 | Loss: 1.2933
Epoch   79/200 | Loss: 1.2946
Epoch   80/200 | Loss: 1.2955
Epoch   81/200 | Loss: 1.5568
Epoch   82/200 | Loss: 1.4122
Epoch   83/200 | Loss: 1.2105
Epoch   84/200 | Loss: 1.2771
Epoch   85/200 | Loss: 1.5237
Epoch   86/200 | Loss: 1.2961
Epoch   87/200 | Loss: 1.2964
Epoch   88/200 | Loss: 1.2869
Epoch   89/200 | Loss: 1.3497
Epoch   90/200 | Loss: 1.2934
Epoch   91/200 | Loss: 1.2969
Epoch   92/200 | Loss: 1.2948
Epoch   93/200 | Loss: 1.2807
Epoch   94/200 | Loss: 1.2962
Epoch   95/200 | Loss: 1.2930
Epoch   96/200 | Loss: 1.2895
Epoch   97/200 | Loss: 1.2875
Epoch   98/200 | Loss: 1.2892
Epoch   99/200 | Loss: 1.2898

[Epoch 100/200] Running validation...
Running Evaluation Step...
--- Validation: filtered ranking on 399 triples (head+tail) ---
  Val MRR (filtered): 0.0001  | tail 0.0001  head 0.0001
  Hits@1: 0.0000
  Hits@3: 0.0000
  Hits@10: 0.0000
  Saved best weights! MRR: 0.0001
Epoch  100/200 | Loss: 1.2851 | Val MRR: 0.0001 | LR: 5.00e-03
Epoch  101/200 | Loss: 1.2882
Epoch  102/200 | Loss: 1.2876
Epoch  103/200 | Loss: 1.2699
Epoch  104/200 | Loss: 1.2916
Epoch  105/200 | Loss: 1.2864
Epoch  106/200 | Loss: 1.3030
Epoch  107/200 | Loss: 1.2827
Epoch  108/200 | Loss: 1.2866
Epoch  109/200 | Loss: 1.2872
Epoch  110/200 | Loss: 1.2873
Epoch  111/200 | Loss: 1.2892
