Logging to: /workspace/ikge/ikge/logs/train_20260302_043039.log
================================================================================
Initializing IKGE DBPedia50k+ Pipeline
================================================================================
Using device: cuda
In-KG entities: 24,092  |  In-KG relations: 323
Entities: 29849 | Relations: 395 | Types: 219
================================================================================
🚀 SETTING UP GLOVE EMBEDDINGS FOR IKGE
================================================================================
✅ GloVe embeddings already exist: /workspace/ikge/ikge/embeddings/glove.6B.300d.txt
   Size: 989.9 MB

📚 Building vocabulary from 55994 descriptions...
✅ Vocabulary built:
   Total unique words: 296,616
   Words with freq >= 1: 296,616
   Final vocabulary size: 296,618

📖 Loading GloVe embeddings from: /workspace/ikge/ikge/embeddings/glove.6B.300d.txt
✅ Loaded 86,965 word embeddings

📊 Embedding Matrix Statistics:
   Vocabulary size: 296,618
   Words found in GloVe: 86,965 (29.3%)
   Words using Kaiming uniform init: 209,653

================================================================================
✅ GLOVE SETUP COMPLETE!
================================================================================

📦 Ready to use:
   - embedding_matrix: shape torch.Size([296618, 300])
   - word2idx: 296,618 words
   - GloVe coverage: 29.3%

Building Line Graph...
📊 Line Graph Info:
   Number of facts (nodes): 32,388

🔨 Building line graph...
   Step 1: Indexing facts by entities...
      Found 24,092 unique entities
      Avg facts per entity: 2.7
   Step 2: Finding adjacent facts...
   Step 3: Creating edge tensor...

✅ Line graph constructed!
   Nodes (facts): 32,388
   Edges (adjacent fact pairs): 1,689,734
   Avg degree: 52.2
   Density: 0.001611

Pre-tokenizing entities and relations...
entity_to_facts: 24092 entities indexed over 32388 training facts.
Pre-tokenization complete.
torch.compile enabled.

Starting Training Loop...
Epoch    1/200 | Loss: 1.2550
Epoch    2/200 | Loss: 0.9796
Epoch    3/200 | Loss: 0.8888
Epoch    4/200 | Loss: 0.8479
Epoch    5/200 | Loss: 0.8039
Epoch    6/200 | Loss: 0.7653
Epoch    7/200 | Loss: 0.7423
Epoch    8/200 | Loss: 0.7157
Epoch    9/200 | Loss: 0.7116
  [Score diag] pos=1.5722±1.3265  neg=-5.7845  gap=+7.3566  (gap>0 = model learning)
Epoch   10/200 | Loss: 0.7050
  [Loss ckpt] New best loss 0.6797 → /workspace/ikge/ikge/ikge_best_loss_20260302_043039.pt
Epoch   11/200 | Loss: 0.6797
  [Loss ckpt] New best loss 0.6736 → /workspace/ikge/ikge/ikge_best_loss_20260302_043039.pt
Epoch   12/200 | Loss: 0.6736
  [Loss ckpt] New best loss 0.6562 → /workspace/ikge/ikge/ikge_best_loss_20260302_043039.pt
Epoch   13/200 | Loss: 0.6562
  [Loss ckpt] New best loss 0.6508 → /workspace/ikge/ikge/ikge_best_loss_20260302_043039.pt
Epoch   14/200 | Loss: 0.6508
  [Loss ckpt] New best loss 0.6375 → /workspace/ikge/ikge/ikge_best_loss_20260302_043039.pt
Epoch   15/200 | Loss: 0.6375
  [Loss ckpt] New best loss 0.6328 → /workspace/ikge/ikge/ikge_best_loss_20260302_043039.pt
Epoch   16/200 | Loss: 0.6328
  [Loss ckpt] New best loss 0.6219 → /workspace/ikge/ikge/ikge_best_loss_20260302_043039.pt
Epoch   17/200 | Loss: 0.6219
  [Loss ckpt] New best loss 0.6123 → /workspace/ikge/ikge/ikge_best_loss_20260302_043039.pt
Epoch   18/200 | Loss: 0.6123
  [Loss ckpt] New best loss 0.6117 → /workspace/ikge/ikge/ikge_best_loss_20260302_043039.pt
Epoch   19/200 | Loss: 0.6117
  [Score diag] pos=1.8925±1.4260  neg=-8.0288  gap=+9.9213  (gap>0 = model learning)
  [Loss ckpt] New best loss 0.6103 → /workspace/ikge/ikge/ikge_best_loss_20260302_043039.pt
Epoch   20/200 | Loss: 0.6103
  [Loss ckpt] New best loss 0.6011 → /workspace/ikge/ikge/ikge_best_loss_20260302_043039.pt
Epoch   21/200 | Loss: 0.6011
  [Loss ckpt] New best loss 0.5969 → /workspace/ikge/ikge/ikge_best_loss_20260302_043039.pt
Epoch   22/200 | Loss: 0.5969
  [Loss ckpt] New best loss 0.5882 → /workspace/ikge/ikge/ikge_best_loss_20260302_043039.pt
Epoch   23/200 | Loss: 0.5882
  [Loss ckpt] New best loss 0.5733 → /workspace/ikge/ikge/ikge_best_loss_20260302_043039.pt
Epoch   24/200 | Loss: 0.5733
Epoch   25/200 | Loss: 0.5735
  [Loss ckpt] New best loss 0.5686 → /workspace/ikge/ikge/ikge_best_loss_20260302_043039.pt
Epoch   26/200 | Loss: 0.5686
Epoch   27/200 | Loss: 0.5738
Epoch   28/200 | Loss: 0.5713
  [Loss ckpt] New best loss 0.5658 → /workspace/ikge/ikge/ikge_best_loss_20260302_043039.pt
Epoch   29/200 | Loss: 0.5658
  [Score diag] pos=2.0450±1.3614  neg=-8.7761  gap=+10.8210  (gap>0 = model learning)
  [Loss ckpt] New best loss 0.5510 → /workspace/ikge/ikge/ikge_best_loss_20260302_043039.pt
Epoch   30/200 | Loss: 0.5510
Epoch   31/200 | Loss: 0.5602
  [Loss ckpt] New best loss 0.5478 → /workspace/ikge/ikge/ikge_best_loss_20260302_043039.pt
Epoch   32/200 | Loss: 0.5478
Epoch   33/200 | Loss: 0.5546
Epoch   34/200 | Loss: 0.5501
  [Loss ckpt] New best loss 0.5387 → /workspace/ikge/ikge/ikge_best_loss_20260302_043039.pt
Epoch   35/200 | Loss: 0.5387
  [Loss ckpt] New best loss 0.5376 → /workspace/ikge/ikge/ikge_best_loss_20260302_043039.pt
Epoch   36/200 | Loss: 0.5376
  [Loss ckpt] New best loss 0.5313 → /workspace/ikge/ikge/ikge_best_loss_20260302_043039.pt
Epoch   37/200 | Loss: 0.5313
Epoch   38/200 | Loss: 0.5464
Epoch   39/200 | Loss: 0.5322
  [Score diag] pos=2.1187±1.3610  neg=-9.1276  gap=+11.2463  (gap>0 = model learning)
  [Loss ckpt] New best loss 0.5203 → /workspace/ikge/ikge/ikge_best_loss_20260302_043039.pt
Epoch   40/200 | Loss: 0.5203
Epoch   41/200 | Loss: 0.5239
  [Loss ckpt] New best loss 0.5163 → /workspace/ikge/ikge/ikge_best_loss_20260302_043039.pt
Epoch   42/200 | Loss: 0.5163
Epoch   43/200 | Loss: 0.5164
  [Loss ckpt] New best loss 0.5075 → /workspace/ikge/ikge/ikge_best_loss_20260302_043039.pt
Epoch   44/200 | Loss: 0.5075
Epoch   45/200 | Loss: 0.5125
  [Loss ckpt] New best loss 0.5062 → /workspace/ikge/ikge/ikge_best_loss_20260302_043039.pt
Epoch   46/200 | Loss: 0.5062
Epoch   47/200 | Loss: 0.5078
  [Loss ckpt] New best loss 0.5006 → /workspace/ikge/ikge/ikge_best_loss_20260302_043039.pt
Epoch   48/200 | Loss: 0.5006
Epoch   49/200 | Loss: 0.5027
  [Score diag] pos=2.2078±1.4039  neg=-10.8589  gap=+13.0667  (gap>0 = model learning)

[Epoch 50/200] Running validation (window best loss 0.5006)...
  (evaluating with best-loss checkpoint: ikge_best_loss_20260302_043039.pt)
  Computing multi-pass entity context for eval...
  Multi-pass context ready: 3 layers, entity table torch.Size([29849, 256])
Running Evaluation Step...
--- Validation: filtered ranking on 399 triples (head+tail) ---
  Val MRR (filtered): 0.0157  | tail 0.0145  head 0.0169
  Hits@1: 0.0038
  Hits@3: 0.0150
  Hits@10: 0.0288
  Saved best MRR weights! MRR: 0.0157 → /workspace/ikge/ikge/ikge_best_mrr_20260302_043039.pt
Epoch   50/200 | Loss: 0.5026 | Val MRR: 0.0157 | LR: 8.54e-03
Epoch   51/200 | Loss: 0.5015
  [Loss ckpt] New best loss 0.4959 → /workspace/ikge/ikge/ikge_best_loss_20260302_043039.pt
Epoch   52/200 | Loss: 0.4959
  [Loss ckpt] New best loss 0.4931 → /workspace/ikge/ikge/ikge_best_loss_20260302_043039.pt
Epoch   53/200 | Loss: 0.4931
Epoch   54/200 | Loss: 0.4964
  [Loss ckpt] New best loss 0.4898 → /workspace/ikge/ikge/ikge_best_loss_20260302_043039.pt
Epoch   55/200 | Loss: 0.4898
  [Loss ckpt] New best loss 0.4859 → /workspace/ikge/ikge/ikge_best_loss_20260302_043039.pt
Epoch   56/200 | Loss: 0.4859
Epoch   57/200 | Loss: 0.4887
  [Loss ckpt] New best loss 0.4756 → /workspace/ikge/ikge/ikge_best_loss_20260302_043039.pt
Epoch   58/200 | Loss: 0.4756
Epoch   59/200 | Loss: 0.4830
  [Score diag] pos=2.2325±1.3403  neg=-11.4995  gap=+13.7320  (gap>0 = model learning)
Epoch   60/200 | Loss: 0.4793
Epoch   61/200 | Loss: 0.4784
  [Loss ckpt] New best loss 0.4728 → /workspace/ikge/ikge/ikge_best_loss_20260302_043039.pt
Epoch   62/200 | Loss: 0.4728
Epoch   63/200 | Loss: 0.4778
Epoch   64/200 | Loss: 0.4746
  [Loss ckpt] New best loss 0.4643 → /workspace/ikge/ikge/ikge_best_loss_20260302_043039.pt
Epoch   65/200 | Loss: 0.4643
Epoch   66/200 | Loss: 0.4669
  [Loss ckpt] New best loss 0.4639 → /workspace/ikge/ikge/ikge_best_loss_20260302_043039.pt
Epoch   67/200 | Loss: 0.4639
Epoch   68/200 | Loss: 0.4696
  [Loss ckpt] New best loss 0.4584 → /workspace/ikge/ikge/ikge_best_loss_20260302_043039.pt
Epoch   69/200 | Loss: 0.4584
  [Score diag] pos=2.3960±1.4499  neg=-12.5630  gap=+14.9591  (gap>0 = model learning)
  [Loss ckpt] New best loss 0.4559 → /workspace/ikge/ikge/ikge_best_loss_20260302_043039.pt
Epoch   70/200 | Loss: 0.4559
Epoch   71/200 | Loss: 0.4607
  [Loss ckpt] New best loss 0.4528 → /workspace/ikge/ikge/ikge_best_loss_20260302_043039.pt
Epoch   72/200 | Loss: 0.4528
  [Loss ckpt] New best loss 0.4505 → /workspace/ikge/ikge/ikge_best_loss_20260302_043039.pt
Epoch   73/200 | Loss: 0.4505
Epoch   74/200 | Loss: 0.4585
Epoch   75/200 | Loss: 0.4527
Epoch   76/200 | Loss: 0.4513
  [Loss ckpt] New best loss 0.4482 → /workspace/ikge/ikge/ikge_best_loss_20260302_043039.pt
Epoch   77/200 | Loss: 0.4482
Epoch   78/200 | Loss: 0.4503
  [Loss ckpt] New best loss 0.4424 → /workspace/ikge/ikge/ikge_best_loss_20260302_043039.pt
Epoch   79/200 | Loss: 0.4424
  [Score diag] pos=2.4273±1.4524  neg=-14.1078  gap=+16.5351  (gap>0 = model learning)
Epoch   80/200 | Loss: 0.4459
  [Loss ckpt] New best loss 0.4335 → /workspace/ikge/ikge/ikge_best_loss_20260302_043039.pt
Epoch   81/200 | Loss: 0.4335
Epoch   82/200 | Loss: 0.4399
Epoch   83/200 | Loss: 0.4381
Epoch   84/200 | Loss: 0.4392
  [Loss ckpt] New best loss 0.4316 → /workspace/ikge/ikge/ikge_best_loss_20260302_043039.pt
Epoch   85/200 | Loss: 0.4316
Epoch   86/200 | Loss: 0.4318
Epoch   87/200 | Loss: 0.4340
Epoch   88/200 | Loss: 0.4406
  [Loss ckpt] New best loss 0.4217 → /workspace/ikge/ikge/ikge_best_loss_20260302_043039.pt
Epoch   89/200 | Loss: 0.4217
  [Score diag] pos=2.4932±1.4783  neg=-15.0400  gap=+17.5331  (gap>0 = model learning)
Epoch   90/200 | Loss: 0.4276
Epoch   91/200 | Loss: 0.4580
  [Loss ckpt] New best loss 0.4214 → /workspace/ikge/ikge/ikge_best_loss_20260302_043039.pt
Epoch   92/200 | Loss: 0.4214
Epoch   93/200 | Loss: 0.4246
Epoch   94/200 | Loss: 0.4258
  [Loss ckpt] New best loss 0.4103 → /workspace/ikge/ikge/ikge_best_loss_20260302_043039.pt
Epoch   95/200 | Loss: 0.4103
Epoch   96/200 | Loss: 0.4169
Epoch   97/200 | Loss: 0.4105
Epoch   98/200 | Loss: 0.4120
  [Loss ckpt] New best loss 0.4014 → /workspace/ikge/ikge/ikge_best_loss_20260302_043039.pt
Epoch   99/200 | Loss: 0.4014
  [Score diag] pos=2.4941±1.3562  neg=-15.9446  gap=+18.4388  (gap>0 = model learning)

[Epoch 100/200] Running validation (window best loss 0.4014)...
  (evaluating with best-loss checkpoint: ikge_best_loss_20260302_043039.pt)
  Computing multi-pass entity context for eval...
  Multi-pass context ready: 3 layers, entity table torch.Size([29849, 256])
Running Evaluation Step...
--- Validation: filtered ranking on 399 triples (head+tail) ---
  Val MRR (filtered): 0.0205  | tail 0.0176  head 0.0234
  Hits@1: 0.0088
  Hits@3: 0.0150
  Hits@10: 0.0414
  Saved best MRR weights! MRR: 0.0205 → /workspace/ikge/ikge/ikge_best_mrr_20260302_043039.pt
Epoch  100/200 | Loss: 0.4098 | Val MRR: 0.0205 | LR: 5.00e-03
Epoch  101/200 | Loss: 0.4025
Epoch  102/200 | Loss: 0.4085
Epoch  103/200 | Loss: 0.4109
Epoch  104/200 | Loss: 0.4083
  [Loss ckpt] New best loss 0.3973 → /workspace/ikge/ikge/ikge_best_loss_20260302_043039.pt
Epoch  105/200 | Loss: 0.3973
Epoch  106/200 | Loss: 0.4020
  [Loss ckpt] New best loss 0.3950 → /workspace/ikge/ikge/ikge_best_loss_20260302_043039.pt
Epoch  107/200 | Loss: 0.3950
Epoch  108/200 | Loss: 0.3953
  [Loss ckpt] New best loss 0.3896 → /workspace/ikge/ikge/ikge_best_loss_20260302_043039.pt
Epoch  109/200 | Loss: 0.3896
  [Score diag] pos=2.5916±1.7043  neg=-17.1773  gap=+19.7690  (gap>0 = model learning)
Epoch  110/200 | Loss: 0.3907
Epoch  111/200 | Loss: 0.3999
Epoch  112/200 | Loss: 0.3986
  [Loss ckpt] New best loss 0.3870 → /workspace/ikge/ikge/ikge_best_loss_20260302_043039.pt
Epoch  113/200 | Loss: 0.3870
  [Loss ckpt] New best loss 0.3853 → /workspace/ikge/ikge/ikge_best_loss_20260302_043039.pt
Epoch  114/200 | Loss: 0.3853
Epoch  115/200 | Loss: 0.3879
  [Loss ckpt] New best loss 0.3828 → /workspace/ikge/ikge/ikge_best_loss_20260302_043039.pt
Epoch  116/200 | Loss: 0.3828
Epoch  117/200 | Loss: 0.3828
Epoch  118/200 | Loss: 0.3841
Epoch  119/200 | Loss: 0.3845
  [Score diag] pos=2.5875±1.3387  neg=-17.5978  gap=+20.1854  (gap>0 = model learning)
Epoch  120/200 | Loss: 0.3853
  [Loss ckpt] New best loss 0.3661 → /workspace/ikge/ikge/ikge_best_loss_20260302_043039.pt
Epoch  121/200 | Loss: 0.3661
Epoch  122/200 | Loss: 0.3752
Epoch  123/200 | Loss: 0.3728
Epoch  124/200 | Loss: 0.3732
Epoch  125/200 | Loss: 0.3759
Epoch  126/200 | Loss: 0.3722
Epoch  127/200 | Loss: 0.3686
Epoch  128/200 | Loss: 0.3702
Epoch  129/200 | Loss: 0.3681
  [Score diag] pos=2.6504±1.3574  neg=-19.1872  gap=+21.8376  (gap>0 = model learning)
Epoch  130/200 | Loss: 0.3745
Epoch  131/200 | Loss: 0.3672
  [Loss ckpt] New best loss 0.3634 → /workspace/ikge/ikge/ikge_best_loss_20260302_043039.pt
Epoch  132/200 | Loss: 0.3634
Epoch  133/200 | Loss: 0.3674
  [Loss ckpt] New best loss 0.3582 → /workspace/ikge/ikge/ikge_best_loss_20260302_043039.pt
Epoch  134/200 | Loss: 0.3582
Epoch  135/200 | Loss: 0.3633
Epoch  136/200 | Loss: 0.3629
  [Loss ckpt] New best loss 0.3563 → /workspace/ikge/ikge/ikge_best_loss_20260302_043039.pt
Epoch  137/200 | Loss: 0.3563
Epoch  138/200 | Loss: 0.3564
  [Loss ckpt] New best loss 0.3505 → /workspace/ikge/ikge/ikge_best_loss_20260302_043039.pt
Epoch  139/200 | Loss: 0.3505
  [Score diag] pos=2.6520±1.3473  neg=-19.5463  gap=+22.1983  (gap>0 = model learning)
Epoch  140/200 | Loss: 0.3653
Epoch  141/200 | Loss: 0.3658
Epoch  142/200 | Loss: 0.3524
Epoch  143/200 | Loss: 0.3551
Epoch  144/200 | Loss: 0.3519
  [Loss ckpt] New best loss 0.3477 → /workspace/ikge/ikge/ikge_best_loss_20260302_043039.pt
Epoch  145/200 | Loss: 0.3477
Epoch  146/200 | Loss: 0.3494
  [Loss ckpt] New best loss 0.3402 → /workspace/ikge/ikge/ikge_best_loss_20260302_043039.pt
Epoch  147/200 | Loss: 0.3402
Epoch  148/200 | Loss: 0.3467
Epoch  149/200 | Loss: 0.3498
  [Score diag] pos=2.7582±1.3552  neg=-22.5643  gap=+25.3224  (gap>0 = model learning)

[Epoch 150/200] Running validation (window best loss 0.3402)...
  (evaluating with best-loss checkpoint: ikge_best_loss_20260302_043039.pt)
  Computing multi-pass entity context for eval...
  Multi-pass context ready: 3 layers, entity table torch.Size([29849, 256])
Running Evaluation Step...
--- Validation: filtered ranking on 399 triples (head+tail) ---
  Val MRR (filtered): 0.0197  | tail 0.0181  head 0.0214
  Hits@1: 0.0050
  Hits@3: 0.0150
  Hits@10: 0.0426
Epoch  150/200 | Loss: 0.3436 | Val MRR: 0.0197 | LR: 1.46e-03
Epoch  151/200 | Loss: 0.3519
  [Loss ckpt] New best loss 0.3399 → /workspace/ikge/ikge/ikge_best_loss_20260302_043039.pt
Epoch  152/200 | Loss: 0.3399
Epoch  153/200 | Loss: 0.3466
Epoch  154/200 | Loss: 0.3406
Epoch  155/200 | Loss: 0.3464
Epoch  156/200 | Loss: 0.3490
Epoch  157/200 | Loss: 0.3415
Epoch  158/200 | Loss: 0.3421
  [Loss ckpt] New best loss 0.3351 → /workspace/ikge/ikge/ikge_best_loss_20260302_043039.pt
Epoch  159/200 | Loss: 0.3351
  [Score diag] pos=2.7977±1.4066  neg=-22.0137  gap=+24.8114  (gap>0 = model learning)
  [Loss ckpt] New best loss 0.3351 → /workspace/ikge/ikge/ikge_best_loss_20260302_043039.pt
Epoch  160/200 | Loss: 0.3351
Epoch  161/200 | Loss: 0.3357
Epoch  162/200 | Loss: 0.3394
Epoch  163/200 | Loss: 0.3416
  [Loss ckpt] New best loss 0.3321 → /workspace/ikge/ikge/ikge_best_loss_20260302_043039.pt
Epoch  164/200 | Loss: 0.3321
  [Loss ckpt] New best loss 0.3301 → /workspace/ikge/ikge/ikge_best_loss_20260302_043039.pt
Epoch  165/200 | Loss: 0.3301
Epoch  166/200 | Loss: 0.3350
Epoch  167/200 | Loss: 0.3417
  [Loss ckpt] New best loss 0.3288 → /workspace/ikge/ikge/ikge_best_loss_20260302_043039.pt
Epoch  168/200 | Loss: 0.3288
Epoch  169/200 | Loss: 0.3328
  [Score diag] pos=2.7803±1.2991  neg=-22.9653  gap=+25.7456  (gap>0 = model learning)
Epoch  170/200 | Loss: 0.3363
Epoch  171/200 | Loss: 0.3329
Epoch  172/200 | Loss: 0.3293
Epoch  173/200 | Loss: 0.3338
Epoch  174/200 | Loss: 0.3322
  [Loss ckpt] New best loss 0.3269 → /workspace/ikge/ikge/ikge_best_loss_20260302_043039.pt
Epoch  175/200 | Loss: 0.3269
Epoch  176/200 | Loss: 0.3296
  [Loss ckpt] New best loss 0.3259 → /workspace/ikge/ikge/ikge_best_loss_20260302_043039.pt
Epoch  177/200 | Loss: 0.3259
Epoch  178/200 | Loss: 0.3354
Epoch  179/200 | Loss: 0.3337
  [Score diag] pos=2.7826±1.2838  neg=-23.5879  gap=+26.3705  (gap>0 = model learning)
Epoch  180/200 | Loss: 0.3293
Epoch  181/200 | Loss: 0.3298
Epoch  182/200 | Loss: 0.3285
Epoch  183/200 | Loss: 0.3289
  [Loss ckpt] New best loss 0.3250 → /workspace/ikge/ikge/ikge_best_loss_20260302_043039.pt
Epoch  184/200 | Loss: 0.3250
Epoch  185/200 | Loss: 0.3322
Epoch  186/200 | Loss: 0.3337
Epoch  187/200 | Loss: 0.3285
Epoch  188/200 | Loss: 0.3333
Epoch  189/200 | Loss: 0.3294
  [Score diag] pos=2.7934±1.3068  neg=-24.3149  gap=+27.1083  (gap>0 = model learning)
Epoch  190/200 | Loss: 0.3311
Epoch  191/200 | Loss: 0.3315
Epoch  192/200 | Loss: 0.3300
Epoch  193/200 | Loss: 0.3266
Epoch  194/200 | Loss: 0.3267
Epoch  195/200 | Loss: 0.3265
Epoch  196/200 | Loss: 0.3332
Epoch  197/200 | Loss: 0.3284
  [Loss ckpt] New best loss 0.3244 → /workspace/ikge/ikge/ikge_best_loss_20260302_043039.pt
Epoch  198/200 | Loss: 0.3244
  [Loss ckpt] New best loss 0.3185 → /workspace/ikge/ikge/ikge_best_loss_20260302_043039.pt
Epoch  199/200 | Loss: 0.3185
  [Score diag] pos=2.8195±1.3386  neg=-24.2725  gap=+27.0920  (gap>0 = model learning)
Epoch  200/200 | Loss: 0.3345

Loading best weights for final test evaluation (ikge_best_mrr_20260302_043039.pt)...
Running Final Test Evaluation on full test set...
  Computing multi-pass entity context for eval...
  Multi-pass context ready: 3 layers, entity table torch.Size([29849, 256])
Running Evaluation Step...
  Test triple breakdown:
    O-O-X (tail out):           3430  → groups 1,3,4
    X-O-O (head out):           2871  → groups 2,3,4
    O-X-O (rel out):             110  → groups 1,2
    O-X-X (rel+tail out):        169  → group 1
    X-X-O (head+rel out):        434  → group 2
    O-O-O (all in, not used):   3259

──────────────────────────────────────────────────────────────────────
  IKGE Paper-Exact Group Evaluation
──────────────────────────────────────────────────────────────────────
  Group                                          n      MRR      H@1      H@3     H@10
──────────────────────────────────────────────────────────────────────
  Group 1 - Head entity prediction            3709   0.0188   0.0043   0.0132   0.0356 (paper 0.34, diff -0.32)
  Group 2 - Tail entity prediction            3415   0.0205   0.0073   0.0167   0.0366 (paper 0.61, diff -0.59)
  Group 3 - Head+Tail entity prediction       6301   0.0024   0.0000   0.0005   0.0027 (paper 0.52, diff -0.52)
  Group 4 - Relation prediction               6301   0.0116   0.0059   0.0116   0.0140 (paper 0.31, diff -0.30)
──────────────────────────────────────────────────────────────────────
  Overall (all groups)                       19726   0.0116   0.0040   0.0092   0.0184
──────────────────────────────────────────────────────────────────────

--- Generando reporte PDF: /workspace/ikge/ikge/ikge_evaluation_report_20260302_043039.pdf ---
Reporte guardado exitosamente en: /workspace/ikge/ikge/ikge_evaluation_report_20260302_043039.pdf
================================================================================
Training Complete
Best Validation MRR : 0.0205
Final Test MRR      : 0.0116
Best loss (<0.7)    : 0.3185
Report generated    : /workspace/ikge/ikge/ikge_evaluation_report_20260302_043039.pdf
MRR weights         : /workspace/ikge/ikge/ikge_best_mrr_20260302_043039.pt
Loss weights        : /workspace/ikge/ikge/ikge_best_loss_20260302_043039.pt
================================================================================
